"GeneNames"	"value1"	"value2"	"log2(Fold_change)"	"log2(Fold_change) normalized"	"p-value"	"q-value(Benjamini et al. 1995)"	"q-value(Storey et al. 2003)"	"Signature(p-value < 0.001)"
ADAMTS1	285	69	2.04629365227394	1.88751766008578	0	0	0	TRUE
APP	3338	687	2.2806019505445	2.12182595835634	0	0	0	TRUE
ATP5O	524	176	1.57399138290015	1.415215390712	0	0	0	TRUE
BACE2	206	4	5.68650052718322	5.52772453499506	0	0	0	TRUE
CBS	32	883	-4.78626962764847	-4.94504561983662	0	0	0	TRUE
CLDN8	201	4	5.65105169117893	5.49227569899077	0	0	0	TRUE
COL6A1	720	241	1.57896376009971	1.42018776791155	0	0	0	TRUE
CRYAA	179	7	4.67646085520665	4.51768486301849	0	0	0	TRUE
FTCD	110	687	-2.64280657529344	-2.8015825674816	0	0	0	TRUE
KCNJ15	315	19	4.05128050494369	3.89250451275554	0	0	0	TRUE
MRPS6	301	79	1.9298389285826	1.77106293639444	0	0	0	TRUE
PCP4	129	1	7.01122725542325	6.8524512632351	0	0	0	TRUE
PDXK	434	95	2.19169562411353	2.03291963192537	0	0	0	TRUE
PFKL	379	127	1.57736935139893	1.41859335921077	0	0	0	TRUE
PTTG1IP	765	289	1.40439025507934	1.24561426289118	0	0	0	TRUE
RCAN1	211	471	-1.1584840609056	-1.31726005309376	0	0	0	TRUE
SIM2	146	7	4.38246963682241	4.22369364463426	0	0	0	TRUE
SLC5A3	424	55	2.94656074103854	2.78778474885038	0	0	0	TRUE
SOD1	772	1074	-0.476321240717333	-0.635097232905491	0	0	0	TRUE
TMPRSS2	472	84	2.49032562658308	2.33154963439492	0	0	0	TRUE
AGPAT3	501	238	1.07384902988726	0.915073037699106	1.11022302462516e-16	9.19899077546558e-16	2.02606017559122e-16	TRUE
ATP5J	384	166	1.20992306937423	1.05114707718607	3.33066907387547e-16	2.57571741713036e-15	5.54964308966291e-16	TRUE
DYRK1A	289	108	1.42003818033721	1.26126218814905	3.33066907387547e-16	2.57571741713036e-15	5.54964308966291e-16	TRUE
CYYR1	89	13	2.77529371282531	2.61651772063715	9.25926002537381e-14	6.71296351839601e-13	1.47851741313769e-13	TRUE
PRMT2	138	36	1.93859945533586	1.7798234631477	3.16968673530482e-13	2.20610196777216e-12	4.85889751310287e-13	TRUE
PLAC4	46	1	5.52356195605701	5.36478596386886	1.09456887997794e-12	7.32519173523699e-12	1.61335951036243e-12	TRUE
C21orf62	61	5	3.60880924267552	3.45003325048737	1.44728673490135e-12	9.32695895825317e-12	2.05424492381167e-12	TRUE
ETS2	241	371	-0.622386040390841	-0.781162032578998	3.30855343122494e-11	2.05602963226121e-10	4.52836605605692e-11	TRUE
FAM3B	50	4	3.64385618977472	3.48508019758657	1.21347820680739e-10	7.28086924084437e-10	1.60359756549655e-10	TRUE
HMGN1	102	26	1.9719856238304	1.81320963164225	2.21790807941602e-10	1.28638668606129e-09	2.83324214433473e-10	TRUE
LOC642852	73	13	2.48938484073893	2.33060884855077	2.77580181062831e-10	1.5580306937075e-09	3.43153289085646e-10	TRUE
WRB	85	19	2.16146342269412	2.00268743050596	5.96815263875783e-10	3.24518299732457e-09	7.14745366515741e-10	TRUE
CSTB	182	72	1.33786963875638	1.17909364656823	7.39334149457704e-10	3.89830733350426e-09	8.58594756034902e-10	TRUE
USP25	160	61	1.39119075732448	1.23241476513632	2.25628604688666e-09	1.15468756517141e-08	2.54317734210987e-09	TRUE
BTG3	64	12	2.41503749927884	2.25626150709069	6.87856771541817e-09	3.41963080709361e-08	7.53167163941042e-09	TRUE
TTC3	485	286	0.761969600296101	0.603193608107944	1.26674746248057e-08	6.12261273532274e-08	1.34849377897949e-08	TRUE
ERG	80	21	1.9296106721086	1.77083467992044	3.22364708260636e-08	1.51598538479326e-07	3.33892889978739e-08	TRUE
PDE9A	40	4	3.32192809488736	3.1631521026992	3.58823180057755e-08	1.64303245605393e-07	3.61874765141964e-08	TRUE
ICOSLG	56	11	2.34792330342031	2.18914731123215	1.04095217223765e-07	4.6442481530603e-07	1.02288679901435e-07	TRUE
LRRC3	1	22	-4.4594316186373	-4.61820761082546	3.34646623745272e-07	1.45571281329193e-06	3.20617971046869e-07	TRUE
ITSN1	135	207	-0.616671360448494	-0.775447352636652	8.54488379498086e-07	3.62636531786993e-06	7.98700045691654e-07	TRUE
CCT8	187	91	1.03909981968894	0.880323827500782	9.05330772793533e-07	3.75065605871607e-06	8.2607484433747e-07	TRUE
DIP2A	100	37	1.43440282414577	1.27562683195762	1.20408669512795e-06	4.87235081284333e-06	1.0731259748341e-06	TRUE
PIGP	45	9	2.32192809488736	2.1631521026992	2.212897090903e-06	8.75100213220731e-06	1.90027144204654e-06	TRUE
C21orf59	86	30	1.51937415909358	1.36059816690542	2.23134513555046e-06	8.62786785746176e-06	1.90027144204654e-06	TRUE
SIK1	82	28	1.55019708256048	1.39142109037232	2.61241597310224e-06	9.88174737651719e-06	2.17643601493895e-06	TRUE
NDUFV3	146	71	1.04007743937534	0.881301447187178	1.40177137067932e-05	5.18953656379151e-05	1.14298553159929e-05	TRUE
TRAPPC10	207	114	0.860596943334584	0.701820951146426	2.12874539503582e-05	7.71670205700487e-05	1.69958891211184e-05	TRUE
OLIG1	13	0	NA	NA	4.54158927964965e-05	0.000161272762175314	3.55200183179291e-05	TRUE
RSPH1	11	0	NA	NA	0.000175950790983093	0.000612308752621162	0.000134859835076733	TRUE
POFUT2	119	60	0.987927167699425	0.829151175511267	0.000196547772741806	0.000670574754060281	0.000147254455345253	TRUE
ITGB2	7	26	-1.89308479608349	-2.05186078827165	0.000199806854236484	0.000668584473791312	0.000147254455345253	TRUE
CLDN14	23	50	-1.12029423371771	-1.27907022590587	0.000248973229333371	0.000817383809509559	0.000180027225273149	TRUE
C21orf2	51	18	1.50250034052918	1.34372434834103	0.000307488010453327	0.00099079470034961	0.000218220643281772	TRUE
COL18A1	793	848	-0.0967433988592195	-0.255519391047377	0.00033509594732728	0.00106012172427176	0.000233489788092259	TRUE
N6AMT1	54	20	1.43295940727611	1.27418341508795	0.000364522452163785	0.0011326233335089	0.000249458129264361	TRUE
TMEM50B	143	79	0.856090588601286	0.697314596413128	0.000442578741197686	0.00135102984155083	0.000297561746153932	TRUE
IFNAR2	38	68	-0.839535327806754	-0.998311319994912	0.000470228141834395	0.00141068442550318	0.000310700554506657	TRUE
MCM3AP	146	82	0.832272554261934	0.673496562073776	0.000575032587995628	0.00169585881883456	0.000373509670803206	TRUE
SH3BGR	22	4	2.4594316186373	2.30065562644914	0.000587064433142159	0.00170248685611226	0.000374969483373786	TRUE
C21orf130	9	0	NA	NA	0.000690965907962582	0.0019549279347234	0.000427096817675431	TRUE
CHODL	9	0	NA	NA	0.000690965907962582	0.0019549279347234	0.000427096817675431	TRUE
SUMO3	233	148	0.65473277902533	0.495956786837172	0.000950190747525115	0.00262433635030746	0.000578005076480278	TRUE
RIPK4	65	94	-0.532221038649183	-0.690997030837341	0.00271187132570627	0.00737290016676393	0.00162386720142506	FALSE
C21orf123	7	0	NA	NA	0.00276732370697097	0.0074079126925069	0.00163157864345019	FALSE
CBR3	11	1	3.4594316186373	3.30065562644914	0.00320446295674182	0.00844812961322842	0.00186068443651947	FALSE
MX1	62	30	1.04730571477836	0.888529722590198	0.00437032186420394	0.0113497911100222	0.00246736034407249	FALSE
ADARB1	68	34	1	0.841224007811842	0.00437804365805938	0.0112026411250343	0.00246736034407249	FALSE
DSCR3	157	98	0.679910904776419	0.521134912588261	0.00454040728152716	0.0114497227099381	0.00252177959195679	FALSE
COL6A2	123	154	-0.324272035355661	-0.483048027543819	0.00544117977877256	0.0135252183072347	0.00297890353923945	FALSE
NCRNA00113	6	0	NA	NA	0.00559726524464621	0.013717241585471	0.00302119630007782	FALSE
C21orf125	0	5	NA	NA	0.00618059761992196	0.0149364442481447	0.00328972336148179	FALSE
CLIC6	25	8	1.64385618977472	1.48508019758657	0.00644308635109037	0.0153574934943798	0.00335123817738382	FALSE
PWP2	42	18	1.22239242133645	1.06361642914829	0.00647106272573239	0.0152157420848302	0.00335123817738382	FALSE
SYNJ1	71	38	0.901819606061097	0.743043613872939	0.00887699910368722	0.0205946379205544	0.00453592972751341	FALSE
HUNK	31	12	1.36923380966572	1.21045781747756	0.00947245846939848	0.0216869443904649	0.00477650814445551	FALSE
IFNAR1	251	281	-0.162882766270155	-0.321658758458312	0.0101728091476567	0.0229879063856139	0.00506304254292006	FALSE
C21orf49	5	0	NA	NA	0.0114356608004414	0.0255103202471386	0.00561859938561467	FALSE
ZNF295	44	64	-0.540568381362703	-0.699344373550861	0.0123973793924619	0.02730562043403	0.00601401082809521	FALSE
GRIK1	0	4	NA	NA	0.0143261325300025	0.0311593382527554	0.00677875406372347	FALSE
TIAM1	24	40	-0.736965594166207	-0.895741586354364	0.0143276014294074	0.0307778104779862	0.00677875406372347	FALSE
WDR4	19	6	1.66296501272243	1.50418902053427	0.0165045403565346	0.0350218295370368	0.00771349116802907	FALSE
TMPRSS3	15	4	1.90689059560852	1.74811460342036	0.0176589581195759	0.0370199844916409	0.00815358098624924	FALSE
JAM2	24	9	1.41503749927884	1.25626150709069	0.0187585133325933	0.0388569204746575	0.00855816263342585	FALSE
C21orf82	4	0	NA	NA	0.023691682542854	0.0484982677936071	0.0106816509941345	FALSE
HLCS	67	86	-0.360175564244326	-0.518951556432484	0.0265524012246678	0.0537223001522349	0.0118322341587621	FALSE
DNMT3L	14	4	1.8073549220576	1.64857892986945	0.0278423749318417	0.0556847498636834	0.012264459965268	FALSE
FAM165B	34	16	1.08746284125034	0.928686849062181	0.0284910543443062	0.0563345847262418	0.0123750778261079	FALSE
IL10RB	73	92	-0.333737397176995	-0.492513389365153	0.0287393234666271	0.0561869919459901	0.0123750778261079	FALSE
MORC3	54	71	-0.394859617341214	-0.553635609529372	0.0325663818046763	0.0629616714890408	0.0138671880759818	FALSE
SAMSN1	1	6	-2.58496250072116	-2.74373849290931	0.0332299374535716	0.0635385617244116	0.0138770903837054	FALSE
USP16	171	119	0.523034751577955	0.364258759389797	0.0333138510204192	0.0630066312777493	0.0138770903837054	FALSE
SLC37A1	17	6	1.50250034052918	1.34372434834103	0.0371961751814608	0.0695928438878944	0.015327691151018	FALSE
TFF3	6	14	-1.22239242133645	-1.38116841352461	0.0396619797717659	0.0734168561732688	0.0161699225643848	FALSE
CXADR	21	33	-0.652076696579693	-0.810852688767851	0.0410693083107602	0.0752216804849713	0.0165674316771922	FALSE
MRPL39	68	41	0.729910836632255	0.571134844444097	0.0424642136675707	0.0769663872724719	0.0169517000199398	FALSE
C21orf66	79	96	-0.281181752544053	-0.439957744732211	0.0440508522669337	0.0790190545819223	0.0174037960803585	FALSE
URB1	58	34	0.770518153877233	0.611742161689075	0.0462901821678684	0.082188690787848	0.0181019024101382	FALSE
U2AF1	78	49	0.67069237474704	0.511916382558882	0.0490512746206899	0.0862113311515156	0.018644151892351	FALSE
NCRNA00110	3	0	NA	NA	0.0501093134056646	0.0859016801239965	0.018644151892351	FALSE
NCRNA00158	3	0	NA	NA	0.0501093134056646	0.0859016801239965	0.018644151892351	FALSE
RBM11	3	0	NA	NA	0.0501093134056646	0.0859016801239965	0.018644151892351	FALSE
UMODL1	3	0	NA	NA	0.0501093134056646	0.0859016801239965	0.018644151892351	FALSE
KCNE1	30	15	1	0.841224007811842	0.0583969462873248	0.0977025832114858	0.0215188076310643	FALSE
S100B	2	7	-1.8073549220576	-1.96613091424576	0.0606525029937158	0.100509862103872	0.0221371054535614	FALSE
SON	888	725	0.292578681447809	0.133802689259651	0.0635314277593407	0.10428743802005	0.022969109345168	FALSE
C21orf33	466	367	0.344549891811067	0.185773899622909	0.064435053272708	0.104782236163095	0.0230780876925814	FALSE
TCP10L	1	5	-2.32192809488736	-2.48070408707552	0.0664174877846132	0.107005952541877	0.0235678569843253	FALSE
IFNGR2	106	72	0.557995453120887	0.399219460932729	0.0679729185141325	0.108507227719808	0.0238985099792954	FALSE
CRYZL1	45	26	0.791413378188583	0.632637386000425	0.070521695071512	0.111552499476755	0.0245692252763538	FALSE
ABCG1	20	9	1.15200309344505	0.993227101256893	0.0756541735170148	0.118593028756402	0.0261198884237308	FALSE
C21orf96	0	2	NA	NA	0.0833286825254866	0.129457060352095	0.0285126706647028	FALSE
HSPA13	90	62	0.5376567859428	0.378880793754642	0.109186658421512	0.168128128896841	0.03702989976499	FALSE
RRP1	12	19	-0.662965012722429	-0.821741004910587	0.116885379735709	0.178404000649241	0.039293140922112	FALSE
SETD4	58	38	0.610053481683987	0.451277489495829	0.130479931693213	0.197421809692339	0.0434817770964178	FALSE
UBE2G2	320	256	0.321928094887362	0.163152102699204	0.176653488487104	0.264980232730657	0.0583613909350077	FALSE
PKNOX1	57	39	0.547487795302493	0.388711803114335	0.191686054188879	0.285071567768077	0.062786469162322	FALSE
CHAF1B	2	5	-1.32192809488736	-1.48070408707552	0.194972663882538	0.2875020636912	0.0633217812543735	FALSE
PCBP3	4	1	2	1.84122400781184	0.204152700721622	0.298508990971111	0.0652021129548553	FALSE
CBR1	228	180	0.341036917835067	0.182260925646909	0.204165102381711	0.296039398453481	0.0652021129548553	FALSE
RUNX1	11	16	-0.540568381362703	-0.699344373550861	0.211185111442618	0.303687680917483	0.066494893765779	FALSE
SFRS15	76	83	-0.127111917903339	-0.285887910091497	0.211683360880245	0.30190905568166	0.066494893765779	FALSE
C21orf90	0	1	NA	NA	0.220767399705587	0.307308220390177	0.0666181589532361	FALSE
DSCAM	0	1	NA	NA	0.220767399705587	0.307308220390177	0.0666181589532361	FALSE
MIRHG2	0	1	NA	NA	0.220767399705587	0.307308220390177	0.0666181589532361	FALSE
TRPM2	0	1	NA	NA	0.220767399705587	0.307308220390177	0.0666181589532361	FALSE
UBASH3A	0	1	NA	NA	0.220767399705587	0.307308220390177	0.0666181589532361	FALSE
DONSON	25	31	-0.310340120612151	-0.469116112800308	0.224730124500718	0.305492512993164	0.067284143404895	FALSE
ADAMTS5	47	32	0.554588851677638	0.39581285948948	0.227929874482629	0.307440295813779	0.067713138856665	FALSE
C21orf119	12	6	1	0.841224007811842	0.23128608024287	0.30956752278661	0.0681816565407562	FALSE
BACH1	78	84	-0.106915203916512	-0.26569119610467	0.24131462085284	0.320524763575528	0.0705949679287837	FALSE
C21orf121	1	0	NA	NA	0.258035603925758	0.332579222837644	0.0706620498007726	FALSE
C21orf67	1	0	NA	NA	0.258035603925758	0.332579222837644	0.0706620498007726	FALSE
DSCR8	1	0	NA	NA	0.258035603925758	0.332579222837644	0.0706620498007726	FALSE
HSF2BP	1	0	NA	NA	0.258035603925758	0.332579222837644	0.0706620498007726	FALSE
KRTAP7-1	1	0	NA	NA	0.258035603925758	0.332579222837644	0.0706620498007726	FALSE
LOC284837	1	0	NA	NA	0.258035603925758	0.332579222837644	0.0706620498007726	FALSE
OLIG2	1	0	NA	NA	0.258035603925758	0.332579222837644	0.0706620498007726	FALSE
C21orf41	1	3	-1.58496250072116	-1.74373849290931	0.25813854758167	0.321979263650255	0.0706620498007726	FALSE
KCNE2	1	3	-1.58496250072116	-1.74373849290931	0.25813854758167	0.321979263650255	0.0706620498007726	FALSE
BRWD1	156	122	0.354664881299362	0.195888889111204	0.260105274310358	0.320980976808527	0.0706954480233417	FALSE
MCM3APAS	13	7	0.893084796083488	0.73430880389533	0.267753291518043	0.328092061437602	0.0722616508518795	FALSE
C21orf34	4	7	-0.807354922057604	-0.966130914245762	0.274907194347593	0.334502460255113	0.0736735289666457	FALSE
C21orf56	5	2	1.32192809488736	1.1631521026992	0.312683580967416	0.377825993668961	0.0832154545819859	FALSE
PCNT	89	68	0.388270589716059	0.229494597527901	0.321863958741495	0.386236750489793	0.085067907732251	FALSE
C21orf63	15	9	0.736965594166207	0.578189601978049	0.335296054387439	0.39959940728366	0.0880110074081799	FALSE
GABPA	30	34	-0.18057224564182	-0.339348237829978	0.347086649774142	0.410837258916331	0.0904861227994122	FALSE
RNF160	59	44	0.423211430724544	0.264435438536386	0.355660786413194	0.418141735377674	0.0920949198102039	FALSE
C21orf58	3	1	1.58496250072116	1.426186508533	0.359828401936172	0.420202294878483	0.0925487541107188	FALSE
PSMG1	49	52	-0.0857298740258834	-0.244505866214041	0.394520267855068	0.457643510711879	0.100795110496691	FALSE
C21orf45	19	13	0.547487795302493	0.388711803114335	0.450973608431572	0.519664952762208	0.114455214831837	FALSE
DNAJC28	15	10	0.584962500721157	0.426186508532999	0.465699043714712	0.533102852673421	0.117414886660871	FALSE
DSCR6	1	2	-1	-1.15877599218816	0.498123189265725	0.566493038772786	0.124769011473338	FALSE
LCA5L	8	5	0.678071905112638	0.51929591292448	0.523105387038468	0.591041151588918	0.130175686507227	FALSE
NRIP1	120	116	0.0489096004809468	-0.109866391707211	0.558772073753265	0.627266715052052	0.138154297776928	FALSE
RRP1B	59	48	0.297680548640685	0.138904556452528	0.619855156974296	0.691376905855945	0.152274445041751	FALSE
IGSF5	2	1	1	0.841224007811842	0.625057892375302	0.692739320212118	0.152393758922268	FALSE
C21orf29	5	6	-0.263034405833794	-0.421810398021952	0.628293929095274	0.691918630775808	0.152393758922268	FALSE
DOPEY2	54	44	0.295455883526171	0.136679891338013	0.640389851845141	0.700803988811663	0.154350742085066	FALSE
LSS	253	236	0.100350525332469	-0.058425466855689	0.654603528180694	0.711881336896505	0.156790506875973	FALSE
SLC19A1	12	9	0.415037499278844	0.256261507090686	0.686015833008506	0.741408415798013	0.163293789695153	FALSE
C2CD2	53	51	0.0554951125917036	-0.103280879596454	0.715228746576662	0.768208653730489	0.169196490991058	FALSE
PRDM15	21	21	0	-0.158775992188158	0.721444095515672	0.77013050686949	0.169619775479901	FALSE
C21orf91	28	23	0.283792966000591	0.125016973812433	0.75783969869101	0.804049436416072	0.177090355028291	FALSE
C21orf7	14	14	0	-0.158775992188158	0.770970952400483	0.813023913440509	0.178984218981126	FALSE
GART	75	64	0.22881869049588	0.0700426983077226	0.775285075939782	0.812648212129651	0.178984218981126	FALSE
MX2	11	11	0	-0.158775992188158	0.796378292534006	0.829759418568365	0.182752929567755	FALSE
C21orf122	3	3	0	-0.158775992188158	0.892805215527854	0.92469111608242	0.203661454908109	FALSE
RWDD2B	56	49	0.192645077942395	0.0338690857542376	0.904449560338461	0.931208423070368	0.205096879343537	FALSE
B3GALT5	1	1	0	-0.158775992188158	0.937986266613636	0.951659535806255	0.207783846495757	FALSE
C21orf70	1	1	0	-0.158775992188158	0.937986266613636	0.951659535806255	0.207783846495757	FALSE
KCNJ6	1	1	0	-0.158775992188158	0.937986266613636	0.951659535806255	0.207783846495757	FALSE
NCAM2	1	1	0	-0.158775992188158	0.937986266613636	0.951659535806255	0.207783846495757	FALSE
C21orf57	33	30	0.137503523749935	-0.0212724684382231	0.953395186610856	0.953395186610856	0.209983471702617	FALSE
ABCC13	NA	NA	NA	NA	NA	NA	NA	FALSE
AIRE	NA	NA	NA	NA	NA	NA	NA	FALSE
BAGE	NA	NA	NA	NA	NA	NA	NA	FALSE
BAGE2	NA	NA	NA	NA	NA	NA	NA	FALSE
BAGE3	NA	NA	NA	NA	NA	NA	NA	FALSE
BAGE4	NA	NA	NA	NA	NA	NA	NA	FALSE
BAGE5	NA	NA	NA	NA	NA	NA	NA	FALSE
C21orf109	NA	NA	NA	NA	NA	NA	NA	FALSE
C21orf128	NA	NA	NA	NA	NA	NA	NA	FALSE
C21orf129	NA	NA	NA	NA	NA	NA	NA	FALSE
C21orf131	NA	NA	NA	NA	NA	NA	NA	FALSE
C21orf15	NA	NA	NA	NA	NA	NA	NA	FALSE
C21orf54	NA	NA	NA	NA	NA	NA	NA	FALSE
C21orf71	NA	NA	NA	NA	NA	NA	NA	FALSE
C21orf81	NA	NA	NA	NA	NA	NA	NA	FALSE
C21orf84	NA	NA	NA	NA	NA	NA	NA	FALSE
C21orf88	NA	NA	NA	NA	NA	NA	NA	FALSE
C21orf94	NA	NA	NA	NA	NA	NA	NA	FALSE
C21orf99	NA	NA	NA	NA	NA	NA	NA	FALSE
CLDN17	NA	NA	NA	NA	NA	NA	NA	FALSE
DSCR4	NA	NA	NA	NA	NA	NA	NA	FALSE
DSCR9	NA	NA	NA	NA	NA	NA	NA	FALSE
KRTAP10-1	NA	NA	NA	NA	NA	NA	NA	FALSE
KRTAP10-10	NA	NA	NA	NA	NA	NA	NA	FALSE
KRTAP10-11	NA	NA	NA	NA	NA	NA	NA	FALSE
KRTAP10-12	NA	NA	NA	NA	NA	NA	NA	FALSE
KRTAP10-2	NA	NA	NA	NA	NA	NA	NA	FALSE
KRTAP10-3	NA	NA	NA	NA	NA	NA	NA	FALSE
KRTAP10-4	NA	NA	NA	NA	NA	NA	NA	FALSE
KRTAP10-5	NA	NA	NA	NA	NA	NA	NA	FALSE
KRTAP10-6	NA	NA	NA	NA	NA	NA	NA	FALSE
KRTAP10-7	NA	NA	NA	NA	NA	NA	NA	FALSE
KRTAP10-8	NA	NA	NA	NA	NA	NA	NA	FALSE
KRTAP10-9	NA	NA	NA	NA	NA	NA	NA	FALSE
KRTAP11-1	NA	NA	NA	NA	NA	NA	NA	FALSE
KRTAP12-1	NA	NA	NA	NA	NA	NA	NA	FALSE
KRTAP12-2	NA	NA	NA	NA	NA	NA	NA	FALSE
KRTAP12-3	NA	NA	NA	NA	NA	NA	NA	FALSE
KRTAP12-4	NA	NA	NA	NA	NA	NA	NA	FALSE
KRTAP13-1	NA	NA	NA	NA	NA	NA	NA	FALSE
KRTAP13-2	NA	NA	NA	NA	NA	NA	NA	FALSE
KRTAP13-3	NA	NA	NA	NA	NA	NA	NA	FALSE
KRTAP13-4	NA	NA	NA	NA	NA	NA	NA	FALSE
KRTAP15-1	NA	NA	NA	NA	NA	NA	NA	FALSE
KRTAP19-1	NA	NA	NA	NA	NA	NA	NA	FALSE
KRTAP19-2	NA	NA	NA	NA	NA	NA	NA	FALSE
KRTAP19-3	NA	NA	NA	NA	NA	NA	NA	FALSE
KRTAP19-4	NA	NA	NA	NA	NA	NA	NA	FALSE
KRTAP19-5	NA	NA	NA	NA	NA	NA	NA	FALSE
KRTAP19-6	NA	NA	NA	NA	NA	NA	NA	FALSE
KRTAP19-7	NA	NA	NA	NA	NA	NA	NA	FALSE
KRTAP19-8	NA	NA	NA	NA	NA	NA	NA	FALSE
KRTAP20-1	NA	NA	NA	NA	NA	NA	NA	FALSE
KRTAP20-2	NA	NA	NA	NA	NA	NA	NA	FALSE
KRTAP20-3	NA	NA	NA	NA	NA	NA	NA	FALSE
KRTAP20-4	NA	NA	NA	NA	NA	NA	NA	FALSE
KRTAP21-1	NA	NA	NA	NA	NA	NA	NA	FALSE
KRTAP21-2	NA	NA	NA	NA	NA	NA	NA	FALSE
KRTAP22-1	NA	NA	NA	NA	NA	NA	NA	FALSE
KRTAP23-1	NA	NA	NA	NA	NA	NA	NA	FALSE
KRTAP24-1	NA	NA	NA	NA	NA	NA	NA	FALSE
KRTAP25-1	NA	NA	NA	NA	NA	NA	NA	FALSE
KRTAP26-1	NA	NA	NA	NA	NA	NA	NA	FALSE
KRTAP27-1	NA	NA	NA	NA	NA	NA	NA	FALSE
KRTAP6-1	NA	NA	NA	NA	NA	NA	NA	FALSE
KRTAP6-2	NA	NA	NA	NA	NA	NA	NA	FALSE
KRTAP6-3	NA	NA	NA	NA	NA	NA	NA	FALSE
KRTAP8-1	NA	NA	NA	NA	NA	NA	NA	FALSE
LIPI	NA	NA	NA	NA	NA	NA	NA	FALSE
LOC441956	NA	NA	NA	NA	NA	NA	NA	FALSE
MRAP	NA	NA	NA	NA	NA	NA	NA	FALSE
NCRNA00111	NA	NA	NA	NA	NA	NA	NA	FALSE
NCRNA00112	NA	NA	NA	NA	NA	NA	NA	FALSE
NCRNA00114	NA	NA	NA	NA	NA	NA	NA	FALSE
NCRNA00157	NA	NA	NA	NA	NA	NA	NA	FALSE
NCRNA00159	NA	NA	NA	NA	NA	NA	NA	FALSE
NCRNA00160	NA	NA	NA	NA	NA	NA	NA	FALSE
NCRNA00161	NA	NA	NA	NA	NA	NA	NA	FALSE
NCRNA00162	NA	NA	NA	NA	NA	NA	NA	FALSE
POTED	NA	NA	NA	NA	NA	NA	NA	FALSE
PRSS7	NA	NA	NA	NA	NA	NA	NA	FALSE
SNORA80	NA	NA	NA	NA	NA	NA	NA	FALSE
TFF1	NA	NA	NA	NA	NA	NA	NA	FALSE
TFF2	NA	NA	NA	NA	NA	NA	NA	FALSE
TPTE	NA	NA	NA	NA	NA	NA	NA	FALSE
